2026-02-26T00:53:08.555+05:45  INFO 8408 --- [clinic-booking] [main] com.clinic.ClinicApplication             : Starting ClinicApplication using Java 17.0.11 with PID 8408 (D:\WestCliff University\6th Trimester\OBS\clinic-booking\clinic-booking\target\classes started by blimb in D:\WestCliff University\6th Trimester\OBS\clinic-booking)
2026-02-26T00:53:08.557+05:45  INFO 8408 --- [clinic-booking] [main] com.clinic.ClinicApplication             : No active profile set, falling back to 1 default profile: "default"
2026-02-26T00:53:09.520+05:45  INFO 8408 --- [clinic-booking] [main] .s.d.r.c.RepositoryConfigurationDelegate : Bootstrapping Spring Data JPA repositories in DEFAULT mode.
2026-02-26T00:53:09.604+05:45  INFO 8408 --- [clinic-booking] [main] .s.d.r.c.RepositoryConfigurationDelegate : Finished Spring Data repository scanning in 72 ms. Found 5 JPA repository interfaces.
2026-02-26T00:53:10.312+05:45  INFO 8408 --- [clinic-booking] [main] o.s.b.w.embedded.tomcat.TomcatWebServer  : Tomcat initialized with port 8080 (http)
2026-02-26T00:53:10.321+05:45  INFO 8408 --- [clinic-booking] [main] o.apache.catalina.core.StandardService   : Starting service [Tomcat]
2026-02-26T00:53:10.322+05:45  INFO 8408 --- [clinic-booking] [main] o.apache.catalina.core.StandardEngine    : Starting Servlet engine: [Apache Tomcat/10.1.16]
2026-02-26T00:53:10.402+05:45  INFO 8408 --- [clinic-booking] [main] o.a.c.c.C.[Tomcat].[localhost].[/]       : Initializing Spring embedded WebApplicationContext
2026-02-26T00:53:10.402+05:45  INFO 8408 --- [clinic-booking] [main] w.s.c.ServletWebServerApplicationContext : Root WebApplicationContext: initialization completed in 1792 ms
2026-02-26T00:53:10.574+05:45  INFO 8408 --- [clinic-booking] [main] o.hibernate.jpa.internal.util.LogHelper  : HHH000204: Processing PersistenceUnitInfo [name: default]
2026-02-26T00:53:10.640+05:45  INFO 8408 --- [clinic-booking] [main] org.hibernate.Version                    : HHH000412: Hibernate ORM core version 6.3.1.Final
2026-02-26T00:53:10.677+05:45  INFO 8408 --- [clinic-booking] [main] o.h.c.internal.RegionFactoryInitiator    : HHH000026: Second-level cache disabled
2026-02-26T00:53:10.913+05:45  INFO 8408 --- [clinic-booking] [main] o.s.o.j.p.SpringPersistenceUnitInfo      : No LoadTimeWeaver setup: ignoring JPA class transformer
2026-02-26T00:53:10.943+05:45  INFO 8408 --- [clinic-booking] [main] com.zaxxer.hikari.HikariDataSource       : HikariPool-1 - Starting...
2026-02-26T00:53:11.138+05:45  INFO 8408 --- [clinic-booking] [main] com.zaxxer.hikari.pool.HikariPool        : HikariPool-1 - Added connection org.postgresql.jdbc.PgConnection@8f39224
2026-02-26T00:53:11.140+05:45  INFO 8408 --- [clinic-booking] [main] com.zaxxer.hikari.HikariDataSource       : HikariPool-1 - Start completed.
2026-02-26T00:53:11.177+05:45  WARN 8408 --- [clinic-booking] [main] org.hibernate.orm.deprecation            : HHH90000025: PostgreSQLDialect does not need to be specified explicitly using 'hibernate.dialect' (remove the property setting and it will be selected by default)
2026-02-26T00:53:12.113+05:45  INFO 8408 --- [clinic-booking] [main] o.h.e.t.j.p.i.JtaPlatformInitiator       : HHH000489: No JTA platform available (set 'hibernate.transaction.jta.platform' to enable JTA platform integration)
2026-02-26T00:53:12.248+05:45  INFO 8408 --- [clinic-booking] [main] j.LocalContainerEntityManagerFactoryBean : Initialized JPA EntityManagerFactory for persistence unit 'default'
2026-02-26T00:53:12.811+05:45  INFO 8408 --- [clinic-booking] [main] o.s.d.j.r.query.QueryEnhancerFactory     : Hibernate is in classpath; If applicable, HQL parser will be used.
2026-02-26T00:53:13.314+05:45  WARN 8408 --- [clinic-booking] [main] JpaBaseConfiguration$JpaWebConfiguration : spring.jpa.open-in-view is enabled by default. Therefore, database queries may be performed during view rendering. Explicitly configure spring.jpa.open-in-view to disable this warning
2026-02-26T00:53:13.702+05:45  INFO 8408 --- [clinic-booking] [main] o.s.s.web.DefaultSecurityFilterChain     : Will secure any request with [org.springframework.security.web.session.DisableEncodeUrlFilter@296b758, org.springframework.security.web.context.request.async.WebAsyncManagerIntegrationFilter@7f129873, org.springframework.security.web.context.SecurityContextHolderFilter@42b6acc2, org.springframework.security.web.header.HeaderWriterFilter@71acf065, org.springframework.web.filter.CorsFilter@6ac0c3aa, org.springframework.security.web.authentication.logout.LogoutFilter@2b39e77d, com.clinic.security.JwtFilter@510bd87a, org.springframework.security.web.savedrequest.RequestCacheAwareFilter@1a819769, org.springframework.security.web.servletapi.SecurityContextHolderAwareRequestFilter@6479b4cb, org.springframework.security.web.authentication.AnonymousAuthenticationFilter@ceeb762, org.springframework.security.web.session.SessionManagementFilter@cfe7be3, org.springframework.security.web.access.ExceptionTranslationFilter@1435feb6, org.springframework.security.web.access.intercept.AuthorizationFilter@188caeaf]
2026-02-26T00:53:13.988+05:45  INFO 8408 --- [clinic-booking] [main] o.s.b.w.embedded.tomcat.TomcatWebServer  : Tomcat started on port 8080 (http) with context path ''
2026-02-26T00:53:13.998+05:45  INFO 8408 --- [clinic-booking] [main] com.clinic.ClinicApplication             : Started ClinicApplication in 5.921 seconds (process running for 6.337)
2026-02-26T00:53:24.978+05:45  INFO 8408 --- [clinic-booking] [http-nio-8080-exec-1] o.a.c.c.C.[Tomcat].[localhost].[/]       : Initializing Spring DispatcherServlet 'dispatcherServlet'
2026-02-26T00:53:24.978+05:45  INFO 8408 --- [clinic-booking] [http-nio-8080-exec-1] o.s.web.servlet.DispatcherServlet        : Initializing Servlet 'dispatcherServlet'
2026-02-26T00:53:24.979+05:45  INFO 8408 --- [clinic-booking] [http-nio-8080-exec-1] o.s.web.servlet.DispatcherServlet        : Completed initialization in 1 ms
2026-02-26T00:53:24.991+05:45  WARN 8408 --- [clinic-booking] [http-nio-8080-exec-1] o.s.w.s.h.HandlerMappingIntrospector     : Cache miss for REQUEST dispatch to '/admin/patients' (previous null). Performing CorsConfiguration lookup. This is logged once only at WARN level, and every time at TRACE.
2026-02-26T00:53:25.063+05:45  WARN 8408 --- [clinic-booking] [http-nio-8080-exec-1] o.s.w.s.h.HandlerMappingIntrospector     : Cache miss for REQUEST dispatch to '/admin/patients' (previous null). Performing MatchableHandlerMapping lookup. This is logged once only at WARN level, and every time at TRACE.
